#
# There is insufficient memory for the Java Runtime Environment to continue.
# Native memory allocation (malloc) failed to allocate 1519616 bytes. Error detail: Chunk::new
# Possible reasons:
#   The system is out of physical RAM or swap space
#   This process is running with CompressedOops enabled, and the Java Heap may be blocking the growth of the native heap
# Possible solutions:
#   Reduce memory load on the system
#   Increase physical memory or swap space
#   Check if swap backing store is full
#   Decrease Java heap size (-Xmx/-Xms)
#   Decrease number of Java threads
#   Decrease Java thread stack sizes (-Xss)
#   Set larger code cache with -XX:ReservedCodeCacheSize=
#   JVM is running with Unscaled Compressed Oops mode in which the Java heap is
#     placed in the first 4GB address space. The Java Heap base address is the
#     maximum limit for the native heap growth. Please use -XX:HeapBaseMinAddress
#     to set the Java Heap base and to place the Java Heap above 4GB virtual address.
# This output file may be truncated or incomplete.
#
#  Out of Memory Error (arena.cpp:168), pid=9900, tid=29216
#
# JRE version: OpenJDK Runtime Environment Temurin-21.0.8+9 (21.0.8+9) (build 21.0.8+9-LTS)
# Java VM: OpenJDK 64-Bit Server VM Temurin-21.0.8+9 (21.0.8+9-LTS, mixed mode, sharing, tiered, compressed oops, compressed class ptrs, parallel gc, windows-amd64)
# No core dump will be written. Minidumps are not enabled by default on client versions of Windows
#

---------------  S U M M A R Y ------------

Command Line: --add-modules=ALL-SYSTEM --add-opens=java.base/java.util=ALL-UNNAMED --add-opens=java.base/java.lang=ALL-UNNAMED --add-opens=java.base/sun.nio.fs=ALL-UNNAMED -Declipse.application=org.eclipse.jdt.ls.core.id1 -Dosgi.bundles.defaultStartLevel=4 -Declipse.product=org.eclipse.jdt.ls.core.product -Djava.import.generatesMetadataFilesAtProjectRoot=false -DDetectVMInstallationsJob.disabled=true -Dfile.encoding=utf8 -XX:+UseParallelGC -XX:GCTimeRatio=4 -XX:AdaptiveSizePolicyWeight=90 -Dsun.zip.disableMemoryMapping=true -Xmx2G -Xms100m -Xlog:disable -javaagent:c:\Users\nguye\.vscode\extensions\redhat.java-1.47.0-win32-x64\lombok\lombok-1.18.39-4050.jar -XX:+HeapDumpOnOutOfMemoryError -XX:HeapDumpPath=c:\Users\nguye\AppData\Roaming\Code\User\workspaceStorage\145dc6cb6511ccdccbbaec6beb40e509\redhat.java -Daether.dependencyCollector.impl=bf c:\Users\nguye\.vscode\extensions\redhat.java-1.47.0-win32-x64\server\plugins\org.eclipse.equinox.launcher_1.7.100.v20251014-1222.jar -configuration c:\Users\nguye\AppData\Roaming\Code\User\globalStorage\redhat.java\1.47.0\config_win -data c:\Users\nguye\AppData\Roaming\Code\User\workspaceStorage\145dc6cb6511ccdccbbaec6beb40e509\redhat.java\jdt_ws --pipe=\\.\pipe\lsp-19d400c3267f8beb4b9fa2b769e57acf-sock

Host: AMD Ryzen 5 5500U with Radeon Graphics         , 12 cores, 7G,  Windows 11 , 64 bit Build 26100 (10.0.26100.3037)
Time: Sat Nov  8 01:56:02 2025 SE Asia Standard Time elapsed time: 456.381480 seconds (0d 0h 7m 36s)

---------------  T H R E A D  ---------------

Current thread (0x0000025060155090):  JavaThread "C2 CompilerThread0" daemon [_thread_in_native, id=29216, stack(0x0000008008f00000,0x0000008009000000) (1024K)]


Current CompileTask:
C2:456381 21855       4       org.eclipse.jdt.internal.compiler.classfmt.ModuleInfo::readModuleAttribute (1166 bytes)

Stack: [0x0000008008f00000,0x0000008009000000]
Native frames: (J=compiled Java code, j=interpreted, Vv=VM code, C=native code)
V  [jvm.dll+0x6d2449]
V  [jvm.dll+0x8ae341]
V  [jvm.dll+0x8b08be]
V  [jvm.dll+0x8b0fa3]
V  [jvm.dll+0x280c96]
V  [jvm.dll+0xc581d]
V  [jvm.dll+0xc5d53]
V  [jvm.dll+0x2f539d]
V  [jvm.dll+0x5fa00a]
V  [jvm.dll+0x252092]
V  [jvm.dll+0x25244f]
V  [jvm.dll+0x24ad14]
V  [jvm.dll+0x2483a4]
V  [jvm.dll+0x1c89ee]
V  [jvm.dll+0x257d4d]
V  [jvm.dll+0x2562ea]
V  [jvm.dll+0x3f2d16]
V  [jvm.dll+0x857e6b]
V  [jvm.dll+0x6d0b0d]
C  [ucrtbase.dll+0x37b0]
C  [KERNEL32.DLL+0x2e8d7]
C  [ntdll.dll+0xbbf2c]


---------------  P R O C E S S  ---------------

Threads class SMR info:
_java_thread_list=0x00000250683385b0, length=53, elements={
0x00000250073415f0, 0x00000250072edbe0, 0x00000250073e5f90, 0x00000250073ede40,
0x00000250073eca90, 0x00000250073ee4d0, 0x00000250073eeb60, 0x0000025060155090,
0x00000250073fe2c0, 0x00000250073ebd70, 0x00000250073ed120, 0x00000250073ed7b0,
0x00000250073eb6e0, 0x00000250073ec400, 0x000002506118b3d0, 0x0000025061189990,
0x000002506118ad40, 0x000002506118c780, 0x000002506118a020, 0x000002506118c0f0,
0x0000025061190290, 0x000002506118e1c0, 0x000002506118e850, 0x000002506118eee0,
0x000002506118fc00, 0x0000025068814fb0, 0x00000250688169f0, 0x0000025068815cd0,
0x0000025068815640, 0x0000025068817710, 0x0000025068816360, 0x0000025068817080,
0x0000025068817da0, 0x0000025068814920, 0x0000025067d46100, 0x0000025067d45a70,
0x0000025067d49c10, 0x0000025067d481d0, 0x0000025067d474b0, 0x0000025067d47b40,
0x0000025067d48ef0, 0x0000025067d4ca00, 0x0000025067d4a2a0, 0x0000025067d4a930,
0x00000250661efee0, 0x00000250661ede10, 0x00000250661f1920, 0x00000250661f1fb0,
0x00000250661f3360, 0x000002506718a280, 0x000002506870cf70, 0x0000025066f4d850,
0x0000025066f4e5f0
}

Java Threads: ( => current thread )
  0x00000250073415f0 JavaThread "main"                              [_thread_blocked, id=3112, stack(0x0000008008500000,0x0000008008600000) (1024K)]
  0x00000250072edbe0 JavaThread "Reference Handler"          daemon [_thread_blocked, id=23432, stack(0x0000008008900000,0x0000008008a00000) (1024K)]
  0x00000250073e5f90 JavaThread "Finalizer"                  daemon [_thread_blocked, id=13372, stack(0x0000008008a00000,0x0000008008b00000) (1024K)]
  0x00000250073ede40 JavaThread "Signal Dispatcher"          daemon [_thread_blocked, id=20940, stack(0x0000008008b00000,0x0000008008c00000) (1024K)]
  0x00000250073eca90 JavaThread "Attach Listener"            daemon [_thread_blocked, id=25380, stack(0x0000008008c00000,0x0000008008d00000) (1024K)]
  0x00000250073ee4d0 JavaThread "Service Thread"             daemon [_thread_blocked, id=20112, stack(0x0000008008d00000,0x0000008008e00000) (1024K)]
  0x00000250073eeb60 JavaThread "Monitor Deflation Thread"   daemon [_thread_blocked, id=15272, stack(0x0000008008e00000,0x0000008008f00000) (1024K)]
=>0x0000025060155090 JavaThread "C2 CompilerThread0"         daemon [_thread_in_native, id=29216, stack(0x0000008008f00000,0x0000008009000000) (1024K)]
  0x00000250073fe2c0 JavaThread "C1 CompilerThread0"         daemon [_thread_in_vm, id=18964, stack(0x0000008009000000,0x0000008009100000) (1024K)]
  0x00000250073ebd70 JavaThread "Common-Cleaner"             daemon [_thread_blocked, id=18772, stack(0x0000008009100000,0x0000008009200000) (1024K)]
  0x00000250073ed120 JavaThread "Notification Thread"        daemon [_thread_blocked, id=22340, stack(0x0000008009200000,0x0000008009300000) (1024K)]
  0x00000250073ed7b0 JavaThread "Active Thread: Equinox Container: 2b4b55c8-8c8c-4a59-8b3c-edb168cd0ddf"        [_thread_blocked, id=5904, stack(0x0000008009900000,0x0000008009a00000) (1024K)]
  0x00000250073eb6e0 JavaThread "Refresh Thread: Equinox Container: 2b4b55c8-8c8c-4a59-8b3c-edb168cd0ddf" daemon [_thread_blocked, id=5028, stack(0x0000008009a00000,0x0000008009b00000) (1024K)]
  0x00000250073ec400 JavaThread "Framework Event Dispatcher: Equinox Container: 2b4b55c8-8c8c-4a59-8b3c-edb168cd0ddf" daemon [_thread_blocked, id=17860, stack(0x0000008009c00000,0x0000008009d00000) (1024K)]
  0x000002506118b3d0 JavaThread "Start Level: Equinox Container: 2b4b55c8-8c8c-4a59-8b3c-edb168cd0ddf" daemon [_thread_blocked, id=7188, stack(0x0000008009d00000,0x0000008009e00000) (1024K)]
  0x0000025061189990 JavaThread "Bundle File Closer"         daemon [_thread_blocked, id=24312, stack(0x000000800a100000,0x000000800a200000) (1024K)]
  0x000002506118ad40 JavaThread "SCR Component Actor"        daemon [_thread_blocked, id=8128, stack(0x0000008009e00000,0x0000008009f00000) (1024K)]
  0x000002506118c780 JavaThread "Worker-JM"                         [_thread_blocked, id=21396, stack(0x000000800a300000,0x000000800a400000) (1024K)]
  0x000002506118a020 JavaThread "JNA Cleaner"                daemon [_thread_blocked, id=28284, stack(0x000000800a400000,0x000000800a500000) (1024K)]
  0x000002506118c0f0 JavaThread "Worker-2"                          [_thread_blocked, id=22792, stack(0x000000800a700000,0x000000800a800000) (1024K)]
  0x0000025061190290 JavaThread "Java indexing"              daemon [_thread_blocked, id=21480, stack(0x000000800a800000,0x000000800a900000) (1024K)]
  0x000002506118e1c0 JavaThread "Thread-1"                   daemon [_thread_in_native, id=21184, stack(0x000000800ae00000,0x000000800af00000) (1024K)]
  0x000002506118e850 JavaThread "Thread-2"                   daemon [_thread_in_native, id=3436, stack(0x000000800af00000,0x000000800b000000) (1024K)]
  0x000002506118eee0 JavaThread "Thread-3"                   daemon [_thread_in_native, id=28664, stack(0x000000800b000000,0x000000800b100000) (1024K)]
  0x000002506118fc00 JavaThread "Thread-4"                   daemon [_thread_in_native, id=11756, stack(0x000000800b100000,0x000000800b200000) (1024K)]
  0x0000025068814fb0 JavaThread "Thread-5"                   daemon [_thread_in_native, id=20972, stack(0x000000800b200000,0x000000800b300000) (1024K)]
  0x00000250688169f0 JavaThread "Thread-6"                   daemon [_thread_in_native, id=14360, stack(0x000000800b300000,0x000000800b400000) (1024K)]
  0x0000025068815cd0 JavaThread "Thread-7"                   daemon [_thread_in_native, id=14076, stack(0x000000800b400000,0x000000800b500000) (1024K)]
  0x0000025068815640 JavaThread "Thread-8"                   daemon [_thread_in_native, id=22600, stack(0x000000800b500000,0x000000800b600000) (1024K)]
  0x0000025068817710 JavaThread "Thread-9"                   daemon [_thread_in_native, id=10528, stack(0x000000800b600000,0x000000800b700000) (1024K)]
  0x0000025068816360 JavaThread "Thread-10"                  daemon [_thread_in_native, id=28240, stack(0x000000800b700000,0x000000800b800000) (1024K)]
  0x0000025068817080 JavaThread "Thread-11"                  daemon [_thread_in_native, id=29260, stack(0x000000800b800000,0x000000800b900000) (1024K)]
  0x0000025068817da0 JavaThread "Thread-12"                  daemon [_thread_in_native, id=25328, stack(0x000000800b900000,0x000000800ba00000) (1024K)]
  0x0000025068814920 JavaThread "Thread-13"                  daemon [_thread_in_native, id=4348, stack(0x000000800ba00000,0x000000800bb00000) (1024K)]
  0x0000025067d46100 JavaThread "pool-2-thread-1"                   [_thread_blocked, id=18008, stack(0x000000800bb00000,0x000000800bc00000) (1024K)]
  0x0000025067d45a70 JavaThread "WorkspaceEventsHandler"            [_thread_blocked, id=27584, stack(0x000000800bc00000,0x000000800bd00000) (1024K)]
  0x0000025067d49c10 JavaThread "pool-1-thread-1"                   [_thread_blocked, id=10432, stack(0x000000800bd00000,0x000000800be00000) (1024K)]
  0x0000025067d481d0 JavaThread "LocalFile Deleter"          daemon [_thread_blocked, id=23168, stack(0x000000800bf00000,0x000000800c000000) (1024K)]
  0x0000025067d474b0 JavaThread "LocalFile Deleter"          daemon [_thread_blocked, id=11084, stack(0x000000800c100000,0x000000800c200000) (1024K)]
  0x0000025067d47b40 JavaThread "LocalFile Deleter"          daemon [_thread_blocked, id=28252, stack(0x000000800c200000,0x000000800c300000) (1024K)]
  0x0000025067d48ef0 JavaThread "LocalFile Deleter"          daemon [_thread_blocked, id=21772, stack(0x000000800c300000,0x000000800c400000) (1024K)]
  0x0000025067d4ca00 JavaThread "LocalFile Deleter"          daemon [_thread_blocked, id=28728, stack(0x000000800c600000,0x000000800c700000) (1024K)]
  0x0000025067d4a2a0 JavaThread "LocalFile Deleter"          daemon [_thread_blocked, id=25972, stack(0x000000800c700000,0x000000800c800000) (1024K)]
  0x0000025067d4a930 JavaThread "LocalFile Deleter"          daemon [_thread_blocked, id=15580, stack(0x000000800c800000,0x000000800c900000) (1024K)]
  0x00000250661efee0 JavaThread "ForkJoinPool.commonPool-worker-1" daemon [_thread_blocked, id=13456, stack(0x000000800dd00000,0x000000800de00000) (1024K)]
  0x00000250661ede10 JavaThread "ForkJoinPool.commonPool-worker-4" daemon [_thread_blocked, id=13916, stack(0x000000800e000000,0x000000800e100000) (1024K)]
  0x00000250661f1920 JavaThread "ForkJoinPool.commonPool-worker-7" daemon [_thread_blocked, id=10392, stack(0x000000800e300000,0x000000800e400000) (1024K)]
  0x00000250661f1fb0 JavaThread "ForkJoinPool.commonPool-worker-10" daemon [_thread_blocked, id=504, stack(0x000000800e600000,0x000000800e700000) (1024K)]
  0x00000250661f3360 JavaThread "ForkJoinPool.commonPool-worker-11" daemon [_thread_in_Java, id=11656, stack(0x000000800e700000,0x000000800e800000) (1024K)]
  0x000002506718a280 JavaThread "Cleaner-0"                  daemon [_thread_blocked, id=16256, stack(0x000000800e800000,0x000000800e900000) (1024K)]
  0x000002506870cf70 JavaThread "Worker-6"                          [_thread_blocked, id=20708, stack(0x000000800a200000,0x000000800a300000) (1024K)]
  0x0000025066f4d850 JavaThread "C2 CompilerThread1"         daemon [_thread_in_native, id=15000, stack(0x0000008008200000,0x0000008008300000) (1024K)]
  0x0000025066f4e5f0 JavaThread "C2 CompilerThread2"         daemon [_thread_in_vm, id=10420, stack(0x0000008008300000,0x0000008008400000) (1024K)]
Total: 53

Other Threads:
  0x00000250072d4960 VMThread "VM Thread"                           [id=6480, stack(0x0000008008800000,0x0000008008900000) (1024K)]
  0x00000250071cca00 WatcherThread "VM Periodic Task Thread"        [id=9920, stack(0x0000008008700000,0x0000008008800000) (1024K)]
  0x000002500735f820 WorkerThread "GC Thread#0"                     [id=11348, stack(0x0000008008600000,0x0000008008700000) (1024K)]
  0x000002506122b960 WorkerThread "GC Thread#1"                     [id=1264, stack(0x0000008009300000,0x0000008009400000) (1024K)]
  0x000002506122bd00 WorkerThread "GC Thread#2"                     [id=27524, stack(0x0000008009400000,0x0000008009500000) (1024K)]
  0x000002506122c0a0 WorkerThread "GC Thread#3"                     [id=14284, stack(0x0000008009500000,0x0000008009600000) (1024K)]
  0x000002506122c440 WorkerThread "GC Thread#4"                     [id=16284, stack(0x0000008009600000,0x0000008009700000) (1024K)]
  0x0000025061511d70 WorkerThread "GC Thread#5"                     [id=28156, stack(0x0000008009700000,0x0000008009800000) (1024K)]
  0x0000025061512110 WorkerThread "GC Thread#6"                     [id=7004, stack(0x0000008009800000,0x0000008009900000) (1024K)]
  0x0000025060158530 WorkerThread "GC Thread#7"                     [id=20248, stack(0x0000008009b00000,0x0000008009c00000) (1024K)]
  0x0000025066145f70 WorkerThread "GC Thread#8"                     [id=19496, stack(0x0000008009f00000,0x000000800a000000) (1024K)]
  0x0000025066146df0 WorkerThread "GC Thread#9"                     [id=18552, stack(0x000000800a000000,0x000000800a100000) (1024K)]
Total: 12

Threads with active compile tasks:
C2 CompilerThread0  456428 21855       4       org.eclipse.jdt.internal.compiler.classfmt.ModuleInfo::readModuleAttribute (1166 bytes)
C2 CompilerThread1  456428 21885       4       org.eclipse.jdt.internal.compiler.lookup.LookupEnvironment::computePackageFrom (584 bytes)
C2 CompilerThread2  456428 21891   !   4       org.eclipse.jdt.internal.compiler.lookup.BinaryTypeBinding::createMethods (411 bytes)
Total: 3

VM state: not at safepoint (normal execution)

VM Mutex/Monitor currently owned by a thread: None

Heap address: 0x0000000080000000, size: 2048 MB, Compressed Oops mode: 32-bit

CDS archive(s) mapped at: [0x000002501e000000-0x000002501eba0000-0x000002501eba0000), size 12189696, SharedBaseAddress: 0x000002501e000000, ArchiveRelocationMode: 1.
Compressed class space mapped at: 0x000002501f000000-0x000002505f000000, reserved size: 1073741824
Narrow klass base: 0x000002501e000000, Narrow klass shift: 0, Narrow klass range: 0x100000000

GC Precious Log:
 CardTable entry size: 512
 CPUs: 12 total, 12 available
 Memory: 7561M
 Large Page Support: Disabled
 NUMA Support: Disabled
 Compressed Oops: Enabled (32-bit)
 Alignments: Space 512K, Generation 512K, Heap 2M
 Heap Min Capacity: 100M
 Heap Initial Capacity: 100M
 Heap Max Capacity: 2G
 Pre-touch: Disabled
 Parallel Workers: 10

Heap:
 PSYoungGen      total 2048K, used 575K [0x00000000d5580000, 0x00000000d5880000, 0x0000000100000000)
  eden space 1536K, 16% used [0x00000000d5580000,0x00000000d55bfdc8,0x00000000d5700000)
  from space 512K, 62% used [0x00000000d5780000,0x00000000d57d0000,0x00000000d5800000)
  to   space 512K, 0% used [0x00000000d5800000,0x00000000d5800000,0x00000000d5880000)
 ParOldGen       total 335360K, used 335051K [0x0000000080000000, 0x0000000094780000, 0x00000000d5580000)
  object space 335360K, 99% used [0x0000000080000000,0x0000000094732e50,0x0000000094780000)
 Metaspace       used 77837K, committed 79552K, reserved 1179648K
  class space    used 7687K, committed 8512K, reserved 1048576K

Card table byte_map: [0x0000025006ce0000,0x00000250070f0000] _byte_map_base: 0x00000250068e0000

Marking Bits: (ParMarkBitMap*) 0x00007ffca14ca340
 Begin Bits: [0x00000250197e0000, 0x000002501b7e0000)
 End Bits:   [0x000002501b7e0000, 0x000002501d7e0000)

Polling page: 0x0000025006a40000

Metaspace:

Usage:
  Non-class:     68.51 MB used.
      Class:      7.51 MB used.
       Both:     76.01 MB used.

Virtual space:
  Non-class space:      128.00 MB reserved,      69.38 MB ( 54%) committed,  2 nodes.
      Class space:        1.00 GB reserved,       8.31 MB ( <1%) committed,  1 nodes.
             Both:        1.12 GB reserved,      77.69 MB (  7%) committed. 

Chunk freelists:
   Non-Class:  10.64 MB
       Class:  7.61 MB
        Both:  18.25 MB

MaxMetaspaceSize: unlimited
CompressedClassSpaceSize: 1.00 GB
Initial GC threshold: 21.00 MB
Current GC threshold: 118.75 MB
CDS: on
 - commit_granule_bytes: 65536.
 - commit_granule_words: 8192.
 - virtual_space_node_default_size: 8388608.
 - enlarge_chunks_in_place: 1.
 - use_allocation_guard: 0.


Internal statistics:

num_allocs_failed_limit: 9.
num_arena_births: 1622.
num_arena_deaths: 30.
num_vsnodes_births: 3.
num_vsnodes_deaths: 0.
num_space_committed: 1243.
num_space_uncommitted: 0.
num_chunks_returned_to_freelist: 47.
num_chunks_taken_from_freelist: 5668.
num_chunk_merges: 24.
num_chunk_splits: 3347.
num_chunks_enlarged: 1717.
num_inconsistent_stats: 0.

CodeHeap 'non-profiled nmethods': size=120000Kb used=16948Kb max_used=16948Kb free=103052Kb
 bounds [0x0000025012000000, 0x0000025013090000, 0x0000025019530000]
CodeHeap 'profiled nmethods': size=120000Kb used=49354Kb max_used=49354Kb free=70645Kb
 bounds [0x000002500a530000, 0x000002500d570000, 0x0000025011a60000]
CodeHeap 'non-nmethods': size=5760Kb used=1475Kb max_used=1579Kb free=4284Kb
 bounds [0x0000025011a60000, 0x0000025011cd0000, 0x0000025012000000]
CodeCache: size=245760Kb, used=67777Kb, max_used=67881Kb, free=177981Kb
 total_blobs=20517, nmethods=19728, adapters=692, full_count=0
Compilation: enabled, stopped_count=0, restarted_count=0

Compilation events (20 events):
Event: 455.173 Thread 0x00000250073fe2c0 nmethod 21877 0x000002500d54ec90 code [0x000002500d54ee40, 0x000002500d54efd8]
Event: 455.173 Thread 0x00000250073fe2c0 21878   !   3       org.eclipse.jdt.internal.core.NameLookup::findModule (62 bytes)
Event: 455.174 Thread 0x0000025066f4e5f0 nmethod 21871 0x000002501307f510 code [0x000002501307f6a0, 0x000002501307f778]
Event: 455.174 Thread 0x0000025066f4e5f0 21879       4       org.eclipse.jdt.core.compiler.CharOperation::equals (68 bytes)
Event: 455.175 Thread 0x0000025066f4d850 nmethod 21869 0x000002501307f890 code [0x000002501307fdc0, 0x00000250130836d0]
Event: 455.175 Thread 0x0000025066f4d850 21874       4       org.eclipse.jdt.internal.core.NameLookup$$Lambda/0x000002501f7db5c8::matches (7 bytes)
Event: 455.179 Thread 0x00000250073fe2c0 nmethod 21878 0x000002500d54f090 code [0x000002500d54f2e0, 0x000002500d54fd20]
Event: 455.179 Thread 0x00000250073fe2c0 21880       3       org.eclipse.jdt.internal.compiler.lookup.BinaryModuleBinding::<init> (43 bytes)
Event: 455.180 Thread 0x0000025066f4d850 nmethod 21874 0x0000025013085310 code [0x00000250130854e0, 0x00000250130858e8]
Event: 455.180 Thread 0x0000025066f4d850 21872       4       org.eclipse.jdt.internal.core.ClasspathAttribute::equals (46 bytes)
Event: 455.180 Thread 0x0000025066f4e5f0 nmethod 21879 0x0000025013085c10 code [0x0000025013085de0, 0x00000250130861c0]
Event: 455.186 Thread 0x00000250073fe2c0 nmethod 21880 0x000002500d550110 code [0x000002500d5502e0, 0x000002500d5505b0]
Event: 455.186 Thread 0x0000025066f4e5f0 21882 % !   4       org.eclipse.jdt.internal.core.SearchableEnvironment::hasSubPackageInUnnamedModule @ 63 (132 bytes)
Event: 455.187 Thread 0x0000025066f4d850 nmethod 21872 0x0000025013086490 code [0x0000025013086640, 0x00000250130869c8]
Event: 455.234 Thread 0x00000250073fe2c0 21883   !   3       org.eclipse.jdt.internal.core.NameLookup::findType (673 bytes)
Event: 455.235 Thread 0x0000025066f4d850 21884   !   4       org.eclipse.jdt.internal.core.JavaProject::getOption (43 bytes)
Event: 455.252 Thread 0x0000025066f4e5f0 nmethod 21882% 0x0000025013086b90 code [0x0000025013087020, 0x0000025013088c78]
Event: 455.255 Thread 0x0000025066f4d850 nmethod 21884 0x000002501308a310 code [0x000002501308a4e0, 0x000002501308a690]
Event: 455.258 Thread 0x0000025066f4d850 21885       4       org.eclipse.jdt.internal.compiler.lookup.LookupEnvironment::computePackageFrom (584 bytes)
Event: 455.266 Thread 0x0000025066f4e5f0 21886 % !   4       org.eclipse.jdt.internal.core.NameLookup::seekModule @ 66 (267 bytes)

GC Heap History (20 events):
Event: 333.783 GC heap before
{Heap before GC invocations=1144 (full 4):
 PSYoungGen      total 2048K, used 1824K [0x00000000d5580000, 0x00000000d5880000, 0x0000000100000000)
  eden space 1536K, 100% used [0x00000000d5580000,0x00000000d5700000,0x00000000d5700000)
  from space 512K, 56% used [0x00000000d5780000,0x00000000d57c8000,0x00000000d5800000)
  to   space 512K, 0% used [0x00000000d5800000,0x00000000d5800000,0x00000000d5880000)
 ParOldGen       total 333824K, used 333545K [0x0000000080000000, 0x0000000094600000, 0x00000000d5580000)
  object space 333824K, 99% used [0x0000000080000000,0x00000000945ba600,0x0000000094600000)
 Metaspace       used 77752K, committed 79488K, reserved 1179648K
  class space    used 7681K, committed 8512K, reserved 1048576K
}
Event: 333.789 GC heap after
{Heap after GC invocations=1144 (full 4):
 PSYoungGen      total 2048K, used 288K [0x00000000d5580000, 0x00000000d5880000, 0x0000000100000000)
  eden space 1536K, 0% used [0x00000000d5580000,0x00000000d5580000,0x00000000d5700000)
  from space 512K, 56% used [0x00000000d5800000,0x00000000d5848000,0x00000000d5880000)
  to   space 512K, 0% used [0x00000000d5780000,0x00000000d5780000,0x00000000d5800000)
 ParOldGen       total 333824K, used 333649K [0x0000000080000000, 0x0000000094600000, 0x00000000d5580000)
  object space 333824K, 99% used [0x0000000080000000,0x00000000945d4600,0x0000000094600000)
 Metaspace       used 77752K, committed 79488K, reserved 1179648K
  class space    used 7681K, committed 8512K, reserved 1048576K
}
Event: 451.802 GC heap before
{Heap before GC invocations=1145 (full 4):
 PSYoungGen      total 2048K, used 1823K [0x00000000d5580000, 0x00000000d5880000, 0x0000000100000000)
  eden space 1536K, 99% used [0x00000000d5580000,0x00000000d56ffff0,0x00000000d5700000)
  from space 512K, 56% used [0x00000000d5800000,0x00000000d5848000,0x00000000d5880000)
  to   space 512K, 0% used [0x00000000d5780000,0x00000000d5780000,0x00000000d5800000)
 ParOldGen       total 333824K, used 333649K [0x0000000080000000, 0x0000000094600000, 0x00000000d5580000)
  object space 333824K, 99% used [0x0000000080000000,0x00000000945d4600,0x0000000094600000)
 Metaspace       used 77815K, committed 79552K, reserved 1179648K
  class space    used 7687K, committed 8512K, reserved 1048576K
}
Event: 452.259 GC heap after
{Heap after GC invocations=1145 (full 4):
 PSYoungGen      total 2048K, used 320K [0x00000000d5580000, 0x00000000d5880000, 0x0000000100000000)
  eden space 1536K, 0% used [0x00000000d5580000,0x00000000d5580000,0x00000000d5700000)
  from space 512K, 62% used [0x00000000d5780000,0x00000000d57d0000,0x00000000d5800000)
  to   space 512K, 0% used [0x00000000d5800000,0x00000000d5800000,0x00000000d5880000)
 ParOldGen       total 333824K, used 333737K [0x0000000080000000, 0x0000000094600000, 0x00000000d5580000)
  object space 333824K, 99% used [0x0000000080000000,0x00000000945ea600,0x0000000094600000)
 Metaspace       used 77815K, committed 79552K, reserved 1179648K
  class space    used 7687K, committed 8512K, reserved 1048576K
}
Event: 452.651 GC heap before
{Heap before GC invocations=1146 (full 4):
 PSYoungGen      total 2048K, used 1856K [0x00000000d5580000, 0x00000000d5880000, 0x0000000100000000)
  eden space 1536K, 100% used [0x00000000d5580000,0x00000000d5700000,0x00000000d5700000)
  from space 512K, 62% used [0x00000000d5780000,0x00000000d57d0000,0x00000000d5800000)
  to   space 512K, 0% used [0x00000000d5800000,0x00000000d5800000,0x00000000d5880000)
 ParOldGen       total 333824K, used 333737K [0x0000000080000000, 0x0000000094600000, 0x00000000d5580000)
  object space 333824K, 99% used [0x0000000080000000,0x00000000945ea600,0x0000000094600000)
 Metaspace       used 77823K, committed 79552K, reserved 1179648K
  class space    used 7687K, committed 8512K, reserved 1048576K
}
Event: 452.656 GC heap after
{Heap after GC invocations=1146 (full 4):
 PSYoungGen      total 2048K, used 192K [0x00000000d5580000, 0x00000000d5880000, 0x0000000100000000)
  eden space 1536K, 0% used [0x00000000d5580000,0x00000000d5580000,0x00000000d5700000)
  from space 512K, 37% used [0x00000000d5800000,0x00000000d5830000,0x00000000d5880000)
  to   space 512K, 0% used [0x00000000d5780000,0x00000000d5780000,0x00000000d5800000)
 ParOldGen       total 333824K, used 333793K [0x0000000080000000, 0x0000000094600000, 0x00000000d5580000)
  object space 333824K, 99% used [0x0000000080000000,0x00000000945f8600,0x0000000094600000)
 Metaspace       used 77823K, committed 79552K, reserved 1179648K
  class space    used 7687K, committed 8512K, reserved 1048576K
}
Event: 453.811 GC heap before
{Heap before GC invocations=1147 (full 4):
 PSYoungGen      total 2048K, used 1727K [0x00000000d5580000, 0x00000000d5880000, 0x0000000100000000)
  eden space 1536K, 99% used [0x00000000d5580000,0x00000000d56ffff8,0x00000000d5700000)
  from space 512K, 37% used [0x00000000d5800000,0x00000000d5830000,0x00000000d5880000)
  to   space 512K, 0% used [0x00000000d5780000,0x00000000d5780000,0x00000000d5800000)
 ParOldGen       total 333824K, used 333793K [0x0000000080000000, 0x0000000094600000, 0x00000000d5580000)
  object space 333824K, 99% used [0x0000000080000000,0x00000000945f8600,0x0000000094600000)
 Metaspace       used 77825K, committed 79552K, reserved 1179648K
  class space    used 7687K, committed 8512K, reserved 1048576K
}
Event: 453.814 GC heap after
{Heap after GC invocations=1147 (full 4):
 PSYoungGen      total 2048K, used 416K [0x00000000d5580000, 0x00000000d5880000, 0x0000000100000000)
  eden space 1536K, 0% used [0x00000000d5580000,0x00000000d5580000,0x00000000d5700000)
  from space 512K, 81% used [0x00000000d5780000,0x00000000d57e8040,0x00000000d5800000)
  to   space 512K, 0% used [0x00000000d5800000,0x00000000d5800000,0x00000000d5880000)
 ParOldGen       total 334336K, used 333841K [0x0000000080000000, 0x0000000094680000, 0x00000000d5580000)
  object space 334336K, 99% used [0x0000000080000000,0x0000000094604600,0x0000000094680000)
 Metaspace       used 77825K, committed 79552K, reserved 1179648K
  class space    used 7687K, committed 8512K, reserved 1048576K
}
Event: 454.865 GC heap before
{Heap before GC invocations=1148 (full 4):
 PSYoungGen      total 2048K, used 1951K [0x00000000d5580000, 0x00000000d5880000, 0x0000000100000000)
  eden space 1536K, 99% used [0x00000000d5580000,0x00000000d56fffa8,0x00000000d5700000)
  from space 512K, 81% used [0x00000000d5780000,0x00000000d57e8040,0x00000000d5800000)
  to   space 512K, 0% used [0x00000000d5800000,0x00000000d5800000,0x00000000d5880000)
 ParOldGen       total 334336K, used 333841K [0x0000000080000000, 0x0000000094680000, 0x00000000d5580000)
  object space 334336K, 99% used [0x0000000080000000,0x0000000094604600,0x0000000094680000)
 Metaspace       used 77825K, committed 79552K, reserved 1179648K
  class space    used 7687K, committed 8512K, reserved 1048576K
}
Event: 454.872 GC heap after
{Heap after GC invocations=1148 (full 4):
 PSYoungGen      total 2048K, used 393K [0x00000000d5580000, 0x00000000d5880000, 0x0000000100000000)
  eden space 1536K, 0% used [0x00000000d5580000,0x00000000d5580000,0x00000000d5700000)
  from space 512K, 76% used [0x00000000d5800000,0x00000000d5862400,0x00000000d5880000)
  to   space 512K, 0% used [0x00000000d5780000,0x00000000d5780000,0x00000000d5800000)
 ParOldGen       total 334336K, used 334001K [0x0000000080000000, 0x0000000094680000, 0x00000000d5580000)
  object space 334336K, 99% used [0x0000000080000000,0x000000009462c620,0x0000000094680000)
 Metaspace       used 77825K, committed 79552K, reserved 1179648K
  class space    used 7687K, committed 8512K, reserved 1048576K
}
Event: 455.037 GC heap before
{Heap before GC invocations=1149 (full 4):
 PSYoungGen      total 2048K, used 1929K [0x00000000d5580000, 0x00000000d5880000, 0x0000000100000000)
  eden space 1536K, 100% used [0x00000000d5580000,0x00000000d5700000,0x00000000d5700000)
  from space 512K, 76% used [0x00000000d5800000,0x00000000d5862400,0x00000000d5880000)
  to   space 512K, 0% used [0x00000000d5780000,0x00000000d5780000,0x00000000d5800000)
 ParOldGen       total 334336K, used 334001K [0x0000000080000000, 0x0000000094680000, 0x00000000d5580000)
  object space 334336K, 99% used [0x0000000080000000,0x000000009462c620,0x0000000094680000)
 Metaspace       used 77836K, committed 79552K, reserved 1179648K
  class space    used 7687K, committed 8512K, reserved 1048576K
}
Event: 455.047 GC heap after
{Heap after GC invocations=1149 (full 4):
 PSYoungGen      total 2048K, used 425K [0x00000000d5580000, 0x00000000d5880000, 0x0000000100000000)
  eden space 1536K, 0% used [0x00000000d5580000,0x00000000d5580000,0x00000000d5700000)
  from space 512K, 83% used [0x00000000d5780000,0x00000000d57ea400,0x00000000d5800000)
  to   space 512K, 0% used [0x00000000d5800000,0x00000000d5800000,0x00000000d5880000)
 ParOldGen       total 334336K, used 334274K [0x0000000080000000, 0x0000000094680000, 0x00000000d5580000)
  object space 334336K, 99% used [0x0000000080000000,0x0000000094670a20,0x0000000094680000)
 Metaspace       used 77836K, committed 79552K, reserved 1179648K
  class space    used 7687K, committed 8512K, reserved 1048576K
}
Event: 455.163 GC heap before
{Heap before GC invocations=1150 (full 4):
 PSYoungGen      total 2048K, used 1961K [0x00000000d5580000, 0x00000000d5880000, 0x0000000100000000)
  eden space 1536K, 100% used [0x00000000d5580000,0x00000000d5700000,0x00000000d5700000)
  from space 512K, 83% used [0x00000000d5780000,0x00000000d57ea400,0x00000000d5800000)
  to   space 512K, 0% used [0x00000000d5800000,0x00000000d5800000,0x00000000d5880000)
 ParOldGen       total 334336K, used 334274K [0x0000000080000000, 0x0000000094680000, 0x00000000d5580000)
  object space 334336K, 99% used [0x0000000080000000,0x0000000094670a20,0x0000000094680000)
 Metaspace       used 77836K, committed 79552K, reserved 1179648K
  class space    used 7687K, committed 8512K, reserved 1048576K
}
Event: 455.165 GC heap after
{Heap after GC invocations=1150 (full 4):
 PSYoungGen      total 2048K, used 480K [0x00000000d5580000, 0x00000000d5880000, 0x0000000100000000)
  eden space 1536K, 0% used [0x00000000d5580000,0x00000000d5580000,0x00000000d5700000)
  from space 512K, 93% used [0x00000000d5800000,0x00000000d5878000,0x00000000d5880000)
  to   space 512K, 0% used [0x00000000d5780000,0x00000000d5780000,0x00000000d5800000)
 ParOldGen       total 334848K, used 334491K [0x0000000080000000, 0x0000000094700000, 0x00000000d5580000)
  object space 334848K, 99% used [0x0000000080000000,0x00000000946a6e30,0x0000000094700000)
 Metaspace       used 77836K, committed 79552K, reserved 1179648K
  class space    used 7687K, committed 8512K, reserved 1048576K
}
Event: 455.240 GC heap before
{Heap before GC invocations=1151 (full 4):
 PSYoungGen      total 2048K, used 2016K [0x00000000d5580000, 0x00000000d5880000, 0x0000000100000000)
  eden space 1536K, 100% used [0x00000000d5580000,0x00000000d5700000,0x00000000d5700000)
  from space 512K, 93% used [0x00000000d5800000,0x00000000d5878000,0x00000000d5880000)
  to   space 512K, 0% used [0x00000000d5780000,0x00000000d5780000,0x00000000d5800000)
 ParOldGen       total 334848K, used 334491K [0x0000000080000000, 0x0000000094700000, 0x00000000d5580000)
  object space 334848K, 99% used [0x0000000080000000,0x00000000946a6e30,0x0000000094700000)
 Metaspace       used 77836K, committed 79552K, reserved 1179648K
  class space    used 7687K, committed 8512K, reserved 1048576K
}
Event: 455.245 GC heap after
{Heap after GC invocations=1151 (full 4):
 PSYoungGen      total 2048K, used 256K [0x00000000d5580000, 0x00000000d5880000, 0x0000000100000000)
  eden space 1536K, 0% used [0x00000000d5580000,0x00000000d5580000,0x00000000d5700000)
  from space 512K, 50% used [0x00000000d5780000,0x00000000d57c0000,0x00000000d5800000)
  to   space 512K, 0% used [0x00000000d5800000,0x00000000d5800000,0x00000000d5880000)
 ParOldGen       total 334848K, used 334827K [0x0000000080000000, 0x0000000094700000, 0x00000000d5580000)
  object space 334848K, 99% used [0x0000000080000000,0x00000000946fae50,0x0000000094700000)
 Metaspace       used 77836K, committed 79552K, reserved 1179648K
  class space    used 7687K, committed 8512K, reserved 1048576K
}
Event: 455.274 GC heap before
{Heap before GC invocations=1152 (full 4):
 PSYoungGen      total 2048K, used 1792K [0x00000000d5580000, 0x00000000d5880000, 0x0000000100000000)
  eden space 1536K, 100% used [0x00000000d5580000,0x00000000d5700000,0x00000000d5700000)
  from space 512K, 50% used [0x00000000d5780000,0x00000000d57c0000,0x00000000d5800000)
  to   space 512K, 0% used [0x00000000d5800000,0x00000000d5800000,0x00000000d5880000)
 ParOldGen       total 334848K, used 334827K [0x0000000080000000, 0x0000000094700000, 0x00000000d5580000)
  object space 334848K, 99% used [0x0000000080000000,0x00000000946fae50,0x0000000094700000)
 Metaspace       used 77836K, committed 79552K, reserved 1179648K
  class space    used 7687K, committed 8512K, reserved 1048576K
}
Event: 455.281 GC heap after
{Heap after GC invocations=1152 (full 4):
 PSYoungGen      total 2048K, used 288K [0x00000000d5580000, 0x00000000d5880000, 0x0000000100000000)
  eden space 1536K, 0% used [0x00000000d5580000,0x00000000d5580000,0x00000000d5700000)
  from space 512K, 56% used [0x00000000d5800000,0x00000000d5848000,0x00000000d5880000)
  to   space 512K, 0% used [0x00000000d5780000,0x00000000d5780000,0x00000000d5800000)
 ParOldGen       total 335360K, used 334923K [0x0000000080000000, 0x0000000094780000, 0x00000000d5580000)
  object space 335360K, 99% used [0x0000000080000000,0x0000000094712e50,0x0000000094780000)
 Metaspace       used 77836K, committed 79552K, reserved 1179648K
  class space    used 7687K, committed 8512K, reserved 1048576K
}
Event: 455.338 GC heap before
{Heap before GC invocations=1153 (full 4):
 PSYoungGen      total 2048K, used 1824K [0x00000000d5580000, 0x00000000d5880000, 0x0000000100000000)
  eden space 1536K, 100% used [0x00000000d5580000,0x00000000d5700000,0x00000000d5700000)
  from space 512K, 56% used [0x00000000d5800000,0x00000000d5848000,0x00000000d5880000)
  to   space 512K, 0% used [0x00000000d5780000,0x00000000d5780000,0x00000000d5800000)
 ParOldGen       total 335360K, used 334923K [0x0000000080000000, 0x0000000094780000, 0x00000000d5580000)
  object space 335360K, 99% used [0x0000000080000000,0x0000000094712e50,0x0000000094780000)
 Metaspace       used 77836K, committed 79552K, reserved 1179648K
  class space    used 7687K, committed 8512K, reserved 1048576K
}
Event: 455.340 GC heap after
{Heap after GC invocations=1153 (full 4):
 PSYoungGen      total 2048K, used 320K [0x00000000d5580000, 0x00000000d5880000, 0x0000000100000000)
  eden space 1536K, 0% used [0x00000000d5580000,0x00000000d5580000,0x00000000d5700000)
  from space 512K, 62% used [0x00000000d5780000,0x00000000d57d0000,0x00000000d5800000)
  to   space 512K, 0% used [0x00000000d5800000,0x00000000d5800000,0x00000000d5880000)
 ParOldGen       total 335360K, used 335051K [0x0000000080000000, 0x0000000094780000, 0x00000000d5580000)
  object space 335360K, 99% used [0x0000000080000000,0x0000000094732e50,0x0000000094780000)
 Metaspace       used 77836K, committed 79552K, reserved 1179648K
  class space    used 7687K, committed 8512K, reserved 1048576K
}

Dll operation events (10 events):
Event: 0.049 Loaded shared library c:\Users\nguye\.vscode\extensions\redhat.java-1.47.0-win32-x64\jre\21.0.8-win32-x86_64\bin\java.dll
Event: 0.135 Loaded shared library c:\Users\nguye\.vscode\extensions\redhat.java-1.47.0-win32-x64\jre\21.0.8-win32-x86_64\bin\zip.dll
Event: 0.173 Loaded shared library C:\Users\nguye\.vscode\extensions\redhat.java-1.47.0-win32-x64\jre\21.0.8-win32-x86_64\bin\instrument.dll
Event: 0.181 Loaded shared library C:\Users\nguye\.vscode\extensions\redhat.java-1.47.0-win32-x64\jre\21.0.8-win32-x86_64\bin\net.dll
Event: 0.184 Loaded shared library C:\Users\nguye\.vscode\extensions\redhat.java-1.47.0-win32-x64\jre\21.0.8-win32-x86_64\bin\nio.dll
Event: 0.189 Loaded shared library C:\Users\nguye\.vscode\extensions\redhat.java-1.47.0-win32-x64\jre\21.0.8-win32-x86_64\bin\zip.dll
Event: 0.224 Loaded shared library C:\Users\nguye\.vscode\extensions\redhat.java-1.47.0-win32-x64\jre\21.0.8-win32-x86_64\bin\jimage.dll
Event: 0.430 Loaded shared library c:\Users\nguye\.vscode\extensions\redhat.java-1.47.0-win32-x64\jre\21.0.8-win32-x86_64\bin\verify.dll
Event: 16.272 Loaded shared library C:\Users\nguye\AppData\Roaming\Code\User\globalStorage\redhat.java\1.47.0\config_win\org.eclipse.equinox.launcher\org.eclipse.equinox.launcher.win32.win32.x86_64_1.2.1400.v20250801-0854\eclipse_11916.dll
Event: 28.991 Loaded shared library C:\Users\nguye\AppData\Local\Temp\jna-104772072\jna12050889093309591653.dll

Deoptimization events (20 events):
Event: 453.803 Thread 0x00000250661f3360 Uncommon trap: trap_request=0xffffffd6 fr.pc=0x0000025012d0d158 relative=0x00000000000071b8
Event: 453.803 Thread 0x00000250661f3360 Uncommon trap: reason=array_check action=maybe_recompile pc=0x0000025012d0d158 method=org.eclipse.jdt.internal.compiler.classfmt.ModuleInfo.readModuleAttribute(I)V @ 1029 c2
Event: 453.803 Thread 0x00000250661f3360 DEOPT PACKING pc=0x0000025012d0d158 sp=0x000000800e7fd980
Event: 453.803 Thread 0x00000250661f3360 DEOPT UNPACKING pc=0x0000025011ab3aa2 sp=0x000000800e7fd928 mode 2
Event: 455.015 Thread 0x00000250661f3360 Uncommon trap: trap_request=0xffffffbe fr.pc=0x0000025012e0fefc relative=0x000000000000023c
Event: 455.016 Thread 0x00000250661f3360 Uncommon trap: reason=profile_predicate action=maybe_recompile pc=0x0000025012e0fefc method=lombok.eclipse.Eclipse.nameEquals([[CLjava/lang/String;)Z @ 85 c2
Event: 455.016 Thread 0x00000250661f3360 DEOPT PACKING pc=0x0000025012e0fefc sp=0x000000800e7fd130
Event: 455.016 Thread 0x00000250661f3360 DEOPT UNPACKING pc=0x0000025011ab3aa2 sp=0x000000800e7fd0b0 mode 2
Event: 455.016 Thread 0x00000250661f3360 Uncommon trap: trap_request=0xffffffbe fr.pc=0x0000025012e0fefc relative=0x000000000000023c
Event: 455.016 Thread 0x00000250661f3360 Uncommon trap: reason=profile_predicate action=maybe_recompile pc=0x0000025012e0fefc method=lombok.eclipse.Eclipse.nameEquals([[CLjava/lang/String;)Z @ 85 c2
Event: 455.017 Thread 0x00000250661f3360 DEOPT PACKING pc=0x0000025012e0fefc sp=0x000000800e7fcf90
Event: 455.017 Thread 0x00000250661f3360 DEOPT UNPACKING pc=0x0000025011ab3aa2 sp=0x000000800e7fcf10 mode 2
Event: 455.048 Thread 0x00000250661f3360 Uncommon trap: trap_request=0xffffffbe fr.pc=0x0000025012e0fefc relative=0x000000000000023c
Event: 455.048 Thread 0x00000250661f3360 Uncommon trap: reason=profile_predicate action=maybe_recompile pc=0x0000025012e0fefc method=lombok.eclipse.Eclipse.nameEquals([[CLjava/lang/String;)Z @ 85 c2
Event: 455.048 Thread 0x00000250661f3360 DEOPT PACKING pc=0x0000025012e0fefc sp=0x000000800e7fd0a0
Event: 455.048 Thread 0x00000250661f3360 DEOPT UNPACKING pc=0x0000025011ab3aa2 sp=0x000000800e7fd020 mode 2
Event: 455.109 Thread 0x00000250661f3360 DEOPT PACKING pc=0x000002500b40f270 sp=0x000000800e7fd7c0
Event: 455.109 Thread 0x00000250661f3360 DEOPT UNPACKING pc=0x0000025011ab4242 sp=0x000000800e7fcc68 mode 0
Event: 455.283 Thread 0x00000250661f3360 DEOPT PACKING pc=0x000002500a6efc78 sp=0x000000800e7fc4f0
Event: 455.283 Thread 0x00000250661f3360 DEOPT UNPACKING pc=0x0000025011ab4242 sp=0x000000800e7fb978 mode 0

Classes loaded (20 events):
Event: 93.480 Loading class com/sun/org/apache/xerces/internal/xni/XNIException
Event: 93.483 Loading class com/sun/org/apache/xerces/internal/xni/XNIException done
Event: 93.486 Loading class com/sun/org/apache/xerces/internal/xni/parser/XMLParseException
Event: 93.487 Loading class com/sun/org/apache/xerces/internal/xni/parser/XMLParseException done
Event: 95.143 Loading class java/io/BufferedReader$1
Event: 95.143 Loading class java/io/BufferedReader$1 done
Event: 100.524 Loading class jdk/internal/module/IllegalAccessLogger
Event: 100.524 Loading class jdk/internal/module/IllegalAccessLogger done
Event: 105.016 Loading class jdk/internal/module/IllegalAccessLogger
Event: 105.016 Loading class jdk/internal/module/IllegalAccessLogger done
Event: 332.548 Loading class java/util/stream/Nodes$CollectorTask$OfRef
Event: 332.569 Loading class java/util/stream/Nodes$CollectorTask
Event: 333.225 Loading class java/util/stream/Nodes$CollectorTask done
Event: 333.225 Loading class java/util/stream/Nodes$CollectorTask$OfRef done
Event: 333.235 Loading class java/util/function/LongFunction
Event: 333.239 Loading class java/util/function/LongFunction done
Event: 333.248 Loading class java/util/stream/Nodes$ConcNode
Event: 333.253 Loading class java/util/stream/Nodes$AbstractConcNode
Event: 333.260 Loading class java/util/stream/Nodes$AbstractConcNode done
Event: 333.260 Loading class java/util/stream/Nodes$ConcNode done

Classes unloaded (15 events):
Event: 29.652 Thread 0x00000250072d4960 Unloading class 0x000002501f1b0c00 'java/lang/invoke/LambdaForm$MH+0x000002501f1b0c00'
Event: 29.652 Thread 0x00000250072d4960 Unloading class 0x000002501f1b0800 'java/lang/invoke/LambdaForm$MH+0x000002501f1b0800'
Event: 29.652 Thread 0x00000250072d4960 Unloading class 0x000002501f1b0400 'java/lang/invoke/LambdaForm$MH+0x000002501f1b0400'
Event: 29.652 Thread 0x00000250072d4960 Unloading class 0x000002501f1b0000 'java/lang/invoke/LambdaForm$MH+0x000002501f1b0000'
Event: 29.652 Thread 0x00000250072d4960 Unloading class 0x000002501f1afc00 'java/lang/invoke/LambdaForm$BMH+0x000002501f1afc00'
Event: 29.652 Thread 0x00000250072d4960 Unloading class 0x000002501f1af800 'java/lang/invoke/LambdaForm$DMH+0x000002501f1af800'
Event: 29.652 Thread 0x00000250072d4960 Unloading class 0x000002501f1ae400 'java/lang/invoke/LambdaForm$DMH+0x000002501f1ae400'
Event: 83.439 Thread 0x00000250072d4960 Unloading class 0x000002501f791000 'java/lang/invoke/LambdaForm$DMH+0x000002501f791000'
Event: 83.439 Thread 0x00000250072d4960 Unloading class 0x000002501f790800 'java/lang/invoke/LambdaForm$DMH+0x000002501f790800'
Event: 83.439 Thread 0x00000250072d4960 Unloading class 0x000002501f790c00 'java/lang/invoke/LambdaForm$DMH+0x000002501f790c00'
Event: 83.439 Thread 0x00000250072d4960 Unloading class 0x000002501f790000 'java/lang/invoke/LambdaForm$DMH+0x000002501f790000'
Event: 83.439 Thread 0x00000250072d4960 Unloading class 0x000002501f720800 'java/lang/invoke/LambdaForm$DMH+0x000002501f720800'
Event: 83.439 Thread 0x00000250072d4960 Unloading class 0x000002501f720c00 'java/lang/invoke/LambdaForm$DMH+0x000002501f720c00'
Event: 83.439 Thread 0x00000250072d4960 Unloading class 0x000002501f720400 'java/lang/invoke/LambdaForm$DMH+0x000002501f720400'
Event: 83.439 Thread 0x00000250072d4960 Unloading class 0x000002501f720000 'java/lang/invoke/LambdaForm$DMH+0x000002501f720000'

Classes redefined (0 events):
No events

Internal exceptions (20 events):
Event: 105.804 Thread 0x0000025061190920 Exception <a 'sun/nio/fs/WindowsException'{0x00000000d563c6d0}> (0x00000000d563c6d0) 
thrown [s\src\hotspot\share\prims\jni.cpp, line 520]
Event: 105.817 Thread 0x0000025061190920 Exception <a 'sun/nio/fs/WindowsException'{0x00000000d563e988}> (0x00000000d563e988) 
thrown [s\src\hotspot\share\prims\jni.cpp, line 520]
Event: 105.824 Thread 0x0000025061190920 Exception <a 'sun/nio/fs/WindowsException'{0x00000000d5640558}> (0x00000000d5640558) 
thrown [s\src\hotspot\share\prims\jni.cpp, line 520]
Event: 105.826 Thread 0x0000025061190920 Exception <a 'sun/nio/fs/WindowsException'{0x00000000d5642190}> (0x00000000d5642190) 
thrown [s\src\hotspot\share\prims\jni.cpp, line 520]
Event: 105.827 Thread 0x0000025061190920 Exception <a 'sun/nio/fs/WindowsException'{0x00000000d5643d08}> (0x00000000d5643d08) 
thrown [s\src\hotspot\share\prims\jni.cpp, line 520]
Event: 105.828 Thread 0x0000025061190920 Exception <a 'sun/nio/fs/WindowsException'{0x00000000d5645928}> (0x00000000d5645928) 
thrown [s\src\hotspot\share\prims\jni.cpp, line 520]
Event: 105.837 Thread 0x0000025061190920 Exception <a 'sun/nio/fs/WindowsException'{0x00000000d5647380}> (0x00000000d5647380) 
thrown [s\src\hotspot\share\prims\jni.cpp, line 520]
Event: 105.839 Thread 0x0000025061190920 Exception <a 'sun/nio/fs/WindowsException'{0x00000000d5648e90}> (0x00000000d5648e90) 
thrown [s\src\hotspot\share\prims\jni.cpp, line 520]
Event: 105.840 Thread 0x0000025061190920 Exception <a 'sun/nio/fs/WindowsException'{0x00000000d564ac18}> (0x00000000d564ac18) 
thrown [s\src\hotspot\share\prims\jni.cpp, line 520]
Event: 105.843 Thread 0x0000025061190920 Exception <a 'sun/nio/fs/WindowsException'{0x00000000d564c480}> (0x00000000d564c480) 
thrown [s\src\hotspot\share\prims\jni.cpp, line 520]
Event: 105.850 Thread 0x0000025061190920 Exception <a 'sun/nio/fs/WindowsException'{0x00000000d564dbf8}> (0x00000000d564dbf8) 
thrown [s\src\hotspot\share\prims\jni.cpp, line 520]
Event: 105.851 Thread 0x0000025061190920 Exception <a 'sun/nio/fs/WindowsException'{0x00000000d564f420}> (0x00000000d564f420) 
thrown [s\src\hotspot\share\prims\jni.cpp, line 520]
Event: 105.855 Thread 0x0000025061190920 Exception <a 'sun/nio/fs/WindowsException'{0x00000000d5650eb8}> (0x00000000d5650eb8) 
thrown [s\src\hotspot\share\prims\jni.cpp, line 520]
Event: 105.856 Thread 0x0000025061190920 Exception <a 'sun/nio/fs/WindowsException'{0x00000000d5652668}> (0x00000000d5652668) 
thrown [s\src\hotspot\share\prims\jni.cpp, line 520]
Event: 105.857 Thread 0x0000025061190920 Exception <a 'sun/nio/fs/WindowsException'{0x00000000d5653e18}> (0x00000000d5653e18) 
thrown [s\src\hotspot\share\prims\jni.cpp, line 520]
Event: 105.859 Thread 0x0000025061190920 Exception <a 'sun/nio/fs/WindowsException'{0x00000000d56555d0}> (0x00000000d56555d0) 
thrown [s\src\hotspot\share\prims\jni.cpp, line 520]
Event: 333.565 Thread 0x000002506118c0f0 Exception <a 'sun/nio/fs/WindowsException'{0x00000000d5681a18}> (0x00000000d5681a18) 
thrown [s\src\hotspot\share\prims\jni.cpp, line 520]
Event: 333.574 Thread 0x000002506118c0f0 Exception <a 'sun/nio/fs/WindowsException'{0x00000000d5682580}> (0x00000000d5682580) 
thrown [s\src\hotspot\share\prims\jni.cpp, line 520]
Event: 333.607 Thread 0x000002506118c0f0 Implicit null exception at 0x00000250120e0006 to 0x00000250120e02a0
Event: 333.811 Thread 0x000002506118c0f0 Exception <a 'java/lang/NoSuchMethodError'{0x00000000d55ac780}: static [J.<clinit>()V> (0x00000000d55ac780) 
thrown [s\src\hotspot\share\prims\jni.cpp, line 1111]

ZGC Phase Switch (0 events):
No events

VM Operations (20 events):
Event: 451.784 Executing VM operation: ParallelGCFailedAllocation (Allocation Failure)
Event: 452.259 Executing VM operation: ParallelGCFailedAllocation (Allocation Failure) done
Event: 452.651 Executing VM operation: ParallelGCFailedAllocation (Allocation Failure)
Event: 452.656 Executing VM operation: ParallelGCFailedAllocation (Allocation Failure) done
Event: 453.661 Executing VM operation: Cleanup
Event: 453.783 Executing VM operation: Cleanup done
Event: 453.810 Executing VM operation: ParallelGCFailedAllocation (Allocation Failure)
Event: 453.814 Executing VM operation: ParallelGCFailedAllocation (Allocation Failure) done
Event: 453.986 Executing VM operation: ParallelGCFailedAllocation (Allocation Failure)
Event: 454.872 Executing VM operation: ParallelGCFailedAllocation (Allocation Failure) done
Event: 455.026 Executing VM operation: ParallelGCFailedAllocation (Allocation Failure)
Event: 455.047 Executing VM operation: ParallelGCFailedAllocation (Allocation Failure) done
Event: 455.138 Executing VM operation: ParallelGCFailedAllocation (Allocation Failure)
Event: 455.165 Executing VM operation: ParallelGCFailedAllocation (Allocation Failure) done
Event: 455.235 Executing VM operation: ParallelGCFailedAllocation (Allocation Failure)
Event: 455.245 Executing VM operation: ParallelGCFailedAllocation (Allocation Failure) done
Event: 455.273 Executing VM operation: ParallelGCFailedAllocation (Allocation Failure)
Event: 455.281 Executing VM operation: ParallelGCFailedAllocation (Allocation Failure) done
Event: 455.338 Executing VM operation: ParallelGCFailedAllocation (Allocation Failure)
Event: 455.340 Executing VM operation: ParallelGCFailedAllocation (Allocation Failure) done

Memory protections (0 events):
No events

Nmethod flushes (20 events):
Event: 83.557 Thread 0x00000250072d4960 flushing  nmethod 0x000002500b9ac110
Event: 83.557 Thread 0x00000250072d4960 flushing osr nmethod 0x000002500b9b3990
Event: 83.557 Thread 0x00000250072d4960 flushing  nmethod 0x000002500b9b5390
Event: 83.557 Thread 0x00000250072d4960 flushing  nmethod 0x000002500b9b9890
Event: 83.557 Thread 0x00000250072d4960 flushing  nmethod 0x000002500b9cb090
Event: 83.557 Thread 0x00000250072d4960 flushing  nmethod 0x000002500b9cf410
Event: 83.557 Thread 0x00000250072d4960 flushing  nmethod 0x000002500b9d9d10
Event: 83.557 Thread 0x00000250072d4960 flushing  nmethod 0x000002500b9da190
Event: 83.557 Thread 0x00000250072d4960 flushing  nmethod 0x000002500ba00f90
Event: 83.557 Thread 0x00000250072d4960 flushing  nmethod 0x000002500ba01990
Event: 83.557 Thread 0x00000250072d4960 flushing  nmethod 0x000002500ba02190
Event: 83.557 Thread 0x00000250072d4960 flushing  nmethod 0x000002500ba02d90
Event: 83.557 Thread 0x00000250072d4960 flushing  nmethod 0x000002500ba03190
Event: 83.557 Thread 0x00000250072d4960 flushing  nmethod 0x000002500ba07b90
Event: 83.557 Thread 0x00000250072d4960 flushing  nmethod 0x000002500ba0ac90
Event: 83.557 Thread 0x00000250072d4960 flushing  nmethod 0x000002500ba0bf90
Event: 83.557 Thread 0x00000250072d4960 flushing  nmethod 0x000002500ba0d390
Event: 83.557 Thread 0x00000250072d4960 flushing  nmethod 0x000002500ba0d790
Event: 83.557 Thread 0x00000250072d4960 flushing  nmethod 0x000002500ba0db90
Event: 83.557 Thread 0x00000250072d4960 flushing  nmethod 0x000002500ba0e910

Events (20 events):
Event: 399.210 Thread 0x0000025067189560 Thread exited: 0x0000025067189560
Event: 404.675 Thread 0x0000025067188ed0 Thread exited: 0x0000025067188ed0
Event: 404.683 Thread 0x0000025067d4afc0 Thread exited: 0x0000025067d4afc0
Event: 404.684 Thread 0x000002506718afa0 Thread exited: 0x000002506718afa0
Event: 404.685 Thread 0x0000025067d4c370 Thread exited: 0x0000025067d4c370
Event: 404.685 Thread 0x00000250671881b0 Thread exited: 0x00000250671881b0
Event: 404.686 Thread 0x0000025067189bf0 Thread exited: 0x0000025067189bf0
Event: 405.032 Thread 0x000002506718f140 Thread exited: 0x000002506718f140
Event: 405.043 Thread 0x000002506718e420 Thread exited: 0x000002506718e420
Event: 405.202 Thread 0x000002506718d070 Thread exited: 0x000002506718d070
Event: 405.203 Thread 0x000002506718c9e0 Thread exited: 0x000002506718c9e0
Event: 405.205 Thread 0x000002506718f7d0 Thread exited: 0x000002506718f7d0
Event: 405.265 Thread 0x000002506718eab0 Thread exited: 0x000002506718eab0
Event: 405.278 Thread 0x000002506718d700 Thread exited: 0x000002506718d700
Event: 405.281 Thread 0x000002506718dd90 Thread exited: 0x000002506718dd90
Event: 405.421 Thread 0x00000250661ed0f0 Thread exited: 0x00000250661ed0f0
Event: 405.435 Thread 0x000002506718c350 Thread exited: 0x000002506718c350
Event: 448.216 Thread 0x00000250661f0570 Thread exited: 0x00000250661f0570
Event: 452.422 Thread 0x0000025060155090 Thread added: 0x0000025066f4d850
Event: 454.886 Thread 0x00000250073fe2c0 Thread added: 0x0000025066f4e5f0


Dynamic libraries:
0x00007ff75dda0000 - 0x00007ff75ddae000 	c:\Users\nguye\.vscode\extensions\redhat.java-1.47.0-win32-x64\jre\21.0.8-win32-x86_64\bin\java.exe
0x00007ffd1b340000 - 0x00007ffd1b5a3000 	C:\WINDOWS\SYSTEM32\ntdll.dll
0x00007ffd19d90000 - 0x00007ffd19e57000 	C:\WINDOWS\System32\KERNEL32.DLL
0x00007ffd187a0000 - 0x00007ffd18b67000 	C:\WINDOWS\System32\KERNELBASE.dll
0x00007ffd18d60000 - 0x00007ffd18eac000 	C:\WINDOWS\System32\ucrtbase.dll
0x00007ffcf8bd0000 - 0x00007ffcf8bee000 	c:\Users\nguye\.vscode\extensions\redhat.java-1.47.0-win32-x64\jre\21.0.8-win32-x86_64\bin\VCRUNTIME140.dll
0x00007ffcece40000 - 0x00007ffcece58000 	c:\Users\nguye\.vscode\extensions\redhat.java-1.47.0-win32-x64\jre\21.0.8-win32-x86_64\bin\jli.dll
0x00007ffd1a440000 - 0x00007ffd1a609000 	C:\WINDOWS\System32\USER32.dll
0x00007ffd04d20000 - 0x00007ffd04fb0000 	C:\WINDOWS\WinSxS\amd64_microsoft.windows.common-controls_6595b64144ccf1df_6.0.26100.3037_none_3e09262ce333c378\COMCTL32.dll
0x00007ffd186e0000 - 0x00007ffd18707000 	C:\WINDOWS\System32\win32u.dll
0x00007ffd19c70000 - 0x00007ffd19d19000 	C:\WINDOWS\System32\msvcrt.dll
0x00007ffd19e60000 - 0x00007ffd19e8a000 	C:\WINDOWS\System32\GDI32.dll
0x00007ffd18c30000 - 0x00007ffd18d5b000 	C:\WINDOWS\System32\gdi32full.dll
0x00007ffd18f50000 - 0x00007ffd18ff3000 	C:\WINDOWS\System32\msvcp_win.dll
0x00007ffd195d0000 - 0x00007ffd195ff000 	C:\WINDOWS\System32\IMM32.DLL
0x00007ffd0c4a0000 - 0x00007ffd0c4ac000 	c:\Users\nguye\.vscode\extensions\redhat.java-1.47.0-win32-x64\jre\21.0.8-win32-x86_64\bin\vcruntime140_1.dll
0x00007ffcaab50000 - 0x00007ffcaabdd000 	c:\Users\nguye\.vscode\extensions\redhat.java-1.47.0-win32-x64\jre\21.0.8-win32-x86_64\bin\msvcp140.dll
0x00007ffca0810000 - 0x00007ffca15a7000 	c:\Users\nguye\.vscode\extensions\redhat.java-1.47.0-win32-x64\jre\21.0.8-win32-x86_64\bin\server\jvm.dll
0x00007ffd19b20000 - 0x00007ffd19bd4000 	C:\WINDOWS\System32\ADVAPI32.dll
0x00007ffd19520000 - 0x00007ffd195c6000 	C:\WINDOWS\System32\sechost.dll
0x00007ffd19e90000 - 0x00007ffd19fa6000 	C:\WINDOWS\System32\RPCRT4.dll
0x00007ffd1a9c0000 - 0x00007ffd1aa34000 	C:\WINDOWS\System32\WS2_32.dll
0x00007ffd17380000 - 0x00007ffd173ce000 	C:\WINDOWS\SYSTEM32\POWRPROF.dll
0x00007ffd0f490000 - 0x00007ffd0f4c6000 	C:\WINDOWS\SYSTEM32\WINMM.dll
0x00007ffd0f4d0000 - 0x00007ffd0f4db000 	C:\WINDOWS\SYSTEM32\VERSION.dll
0x00007ffd17360000 - 0x00007ffd17374000 	C:\WINDOWS\SYSTEM32\UMPDC.dll
0x00007ffd17580000 - 0x00007ffd1759a000 	C:\WINDOWS\SYSTEM32\kernel.appcore.dll
0x00007ffd0c0e0000 - 0x00007ffd0c0ea000 	c:\Users\nguye\.vscode\extensions\redhat.java-1.47.0-win32-x64\jre\21.0.8-win32-x86_64\bin\jimage.dll
0x00007ffd15e00000 - 0x00007ffd16041000 	C:\WINDOWS\SYSTEM32\DBGHELP.DLL
0x00007ffd19710000 - 0x00007ffd19a8e000 	C:\WINDOWS\System32\combase.dll
0x00007ffd1a8e0000 - 0x00007ffd1a9b6000 	C:\WINDOWS\System32\OLEAUT32.dll
0x00007ffd04ce0000 - 0x00007ffd04d19000 	C:\WINDOWS\SYSTEM32\dbgcore.DLL
0x00007ffd18eb0000 - 0x00007ffd18f49000 	C:\WINDOWS\System32\bcryptPrimitives.dll
0x00007ffcfdd10000 - 0x00007ffcfdd1f000 	c:\Users\nguye\.vscode\extensions\redhat.java-1.47.0-win32-x64\jre\21.0.8-win32-x86_64\bin\instrument.dll
0x00007ffceb150000 - 0x00007ffceb16f000 	c:\Users\nguye\.vscode\extensions\redhat.java-1.47.0-win32-x64\jre\21.0.8-win32-x86_64\bin\java.dll
0x00007ffd1abf0000 - 0x00007ffd1b2f4000 	C:\WINDOWS\System32\SHELL32.dll
0x00007ffd163f0000 - 0x00007ffd16c27000 	C:\WINDOWS\SYSTEM32\windows.storage.dll
0x00007ffd1a7e0000 - 0x00007ffd1a8c9000 	C:\WINDOWS\System32\SHCORE.dll
0x00007ffd193a0000 - 0x00007ffd193fd000 	C:\WINDOWS\System32\shlwapi.dll
0x00007ffd185f0000 - 0x00007ffd1861e000 	C:\WINDOWS\SYSTEM32\profapi.dll
0x00007ffce80c0000 - 0x00007ffce80d8000 	c:\Users\nguye\.vscode\extensions\redhat.java-1.47.0-win32-x64\jre\21.0.8-win32-x86_64\bin\zip.dll
0x00007ffcfda50000 - 0x00007ffcfda60000 	C:\Users\nguye\.vscode\extensions\redhat.java-1.47.0-win32-x64\jre\21.0.8-win32-x86_64\bin\net.dll
0x00007ffd0ff60000 - 0x00007ffd1007e000 	C:\WINDOWS\SYSTEM32\WINHTTP.dll
0x00007ffd17b30000 - 0x00007ffd17b9a000 	C:\WINDOWS\system32\mswsock.dll
0x00007ffce35f0000 - 0x00007ffce3606000 	C:\Users\nguye\.vscode\extensions\redhat.java-1.47.0-win32-x64\jre\21.0.8-win32-x86_64\bin\nio.dll
0x00007ffcfd4a0000 - 0x00007ffcfd4b0000 	c:\Users\nguye\.vscode\extensions\redhat.java-1.47.0-win32-x64\jre\21.0.8-win32-x86_64\bin\verify.dll
0x00007ffcd2a90000 - 0x00007ffcd2ad4000 	C:\Users\nguye\AppData\Roaming\Code\User\globalStorage\redhat.java\1.47.0\config_win\org.eclipse.equinox.launcher\org.eclipse.equinox.launcher.win32.win32.x86_64_1.2.1400.v20250801-0854\eclipse_11916.dll
0x00007ffd19200000 - 0x00007ffd19395000 	C:\WINDOWS\System32\ole32.dll
0x00007ffd17dd0000 - 0x00007ffd17dec000 	C:\WINDOWS\SYSTEM32\CRYPTSP.dll
0x00007ffd175a0000 - 0x00007ffd175d8000 	C:\WINDOWS\system32\rsaenh.dll
0x00007ffd17bd0000 - 0x00007ffd17bfb000 	C:\WINDOWS\SYSTEM32\USERENV.dll
0x00007ffd18010000 - 0x00007ffd18036000 	C:\WINDOWS\SYSTEM32\bcrypt.dll
0x00007ffd17df0000 - 0x00007ffd17dfc000 	C:\WINDOWS\SYSTEM32\CRYPTBASE.dll
0x00007ffd16fa0000 - 0x00007ffd16fd2000 	C:\WINDOWS\SYSTEM32\IPHLPAPI.DLL
0x00007ffd1abd0000 - 0x00007ffd1abda000 	C:\WINDOWS\System32\NSI.dll
0x00007ffceb200000 - 0x00007ffceb249000 	C:\Users\nguye\AppData\Local\Temp\jna-104772072\jna12050889093309591653.dll
0x00007ffd19d80000 - 0x00007ffd19d88000 	C:\WINDOWS\System32\PSAPI.DLL
0x00007ffd0faa0000 - 0x00007ffd0fabf000 	C:\WINDOWS\SYSTEM32\dhcpcsvc6.DLL
0x00007ffd0f890000 - 0x00007ffd0f8b5000 	C:\WINDOWS\SYSTEM32\dhcpcsvc.DLL
0x00007ffd17740000 - 0x00007ffd17775000 	C:\WINDOWS\SYSTEM32\ntmarta.dll

JVMTI agents:
c:\Users\nguye\.vscode\extensions\redhat.java-1.47.0-win32-x64\lombok\lombok-1.18.39-4050.jar path:c:\Users\nguye\.vscode\extensions\redhat.java-1.47.0-win32-x64\jre\21.0.8-win32-x86_64\bin\instrument.dll, loaded, initialized, instrumentlib options:none

dbghelp: loaded successfully - version: 4.0.5 - missing functions: none
symbol engine: initialized successfully - sym options: 0x614 - pdb path: .;c:\Users\nguye\.vscode\extensions\redhat.java-1.47.0-win32-x64\jre\21.0.8-win32-x86_64\bin;C:\WINDOWS\SYSTEM32;C:\WINDOWS\WinSxS\amd64_microsoft.windows.common-controls_6595b64144ccf1df_6.0.26100.3037_none_3e09262ce333c378;c:\Users\nguye\.vscode\extensions\redhat.java-1.47.0-win32-x64\jre\21.0.8-win32-x86_64\bin\server;C:\Users\nguye\AppData\Roaming\Code\User\globalStorage\redhat.java\1.47.0\config_win\org.eclipse.equinox.launcher\org.eclipse.equinox.launcher.win32.win32.x86_64_1.2.1400.v20250801-0854;C:\Users\nguye\AppData\Local\Temp\jna-104772072

VM Arguments:
jvm_args: --add-modules=ALL-SYSTEM --add-opens=java.base/java.util=ALL-UNNAMED --add-opens=java.base/java.lang=ALL-UNNAMED --add-opens=java.base/sun.nio.fs=ALL-UNNAMED -Declipse.application=org.eclipse.jdt.ls.core.id1 -Dosgi.bundles.defaultStartLevel=4 -Declipse.product=org.eclipse.jdt.ls.core.product -Djava.import.generatesMetadataFilesAtProjectRoot=false -DDetectVMInstallationsJob.disabled=true -Dfile.encoding=utf8 -XX:+UseParallelGC -XX:GCTimeRatio=4 -XX:AdaptiveSizePolicyWeight=90 -Dsun.zip.disableMemoryMapping=true -Xmx2G -Xms100m -Xlog:disable -javaagent:c:\Users\nguye\.vscode\extensions\redhat.java-1.47.0-win32-x64\lombok\lombok-1.18.39-4050.jar -XX:+HeapDumpOnOutOfMemoryError -XX:HeapDumpPath=c:\Users\nguye\AppData\Roaming\Code\User\workspaceStorage\145dc6cb6511ccdccbbaec6beb40e509\redhat.java -Daether.dependencyCollector.impl=bf 
java_command: c:\Users\nguye\.vscode\extensions\redhat.java-1.47.0-win32-x64\server\plugins\org.eclipse.equinox.launcher_1.7.100.v20251014-1222.jar -configuration c:\Users\nguye\AppData\Roaming\Code\User\globalStorage\redhat.java\1.47.0\config_win -data c:\Users\nguye\AppData\Roaming\Code\User\workspaceStorage\145dc6cb6511ccdccbbaec6beb40e509\redhat.java\jdt_ws --pipe=\\.\pipe\lsp-19d400c3267f8beb4b9fa2b769e57acf-sock
java_class_path (initial): c:\Users\nguye\.vscode\extensions\redhat.java-1.47.0-win32-x64\server\plugins\org.eclipse.equinox.launcher_1.7.100.v20251014-1222.jar
Launcher Type: SUN_STANDARD

[Global flags]
    uintx AdaptiveSizePolicyWeight                 = 90                                        {product} {command line}
     intx CICompilerCount                          = 4                                         {product} {ergonomic}
    uintx GCTimeRatio                              = 4                                         {product} {command line}
     bool HeapDumpOnOutOfMemoryError               = true                                   {manageable} {command line}
    ccstr HeapDumpPath                             = c:\Users\nguye\AppData\Roaming\Code\User\workspaceStorage\145dc6cb6511ccdccbbaec6beb40e509\redhat.java         {manageable} {command line}
   size_t InitialHeapSize                          = 104857600                                 {product} {command line}
   size_t MaxHeapSize                              = 2147483648                                {product} {command line}
   size_t MaxNewSize                               = 715653120                                 {product} {ergonomic}
   size_t MinHeapDeltaBytes                        = 524288                                    {product} {ergonomic}
   size_t MinHeapSize                              = 104857600                                 {product} {command line}
   size_t NewSize                                  = 34603008                                  {product} {ergonomic}
    uintx NonNMethodCodeHeapSize                   = 5839372                                {pd product} {ergonomic}
    uintx NonProfiledCodeHeapSize                  = 122909434                              {pd product} {ergonomic}
   size_t OldSize                                  = 70254592                                  {product} {ergonomic}
    uintx ProfiledCodeHeapSize                     = 122909434                              {pd product} {ergonomic}
    uintx ReservedCodeCacheSize                    = 251658240                              {pd product} {ergonomic}
     bool SegmentedCodeCache                       = true                                      {product} {ergonomic}
   size_t SoftMaxHeapSize                          = 2147483648                             {manageable} {ergonomic}
     bool UseCompressedOops                        = true                           {product lp64_product} {ergonomic}
     bool UseLargePagesIndividualAllocation        = false                                  {pd product} {ergonomic}
     bool UseParallelGC                            = true                                      {product} {command line}

Logging:
Log output configuration:
 #0: stdout all=off uptime,level,tags foldmultilines=false
 #1: stderr all=off uptime,level,tags foldmultilines=false

Environment Variables:
JAVA_HOME=C:\Program Files\Eclipse Adoptium\jdk-21.0.4.7-hotspot
PATH=C:\Program Files (x86)\VMware\VMware Workstation\bin\;C:\Program Files\Scripts\;C:\Program Files\Eclipse Adoptium\jdk-21.0.4.7-hotspot\bin;C:\Program Files\Eclipse Adoptium\jdk-21.0.4.7-hotspot\bin;C:\Program Files\Common Files\Oracle\Java\javapath;C:\Program Files\Microsoft\jdk-17.0.10.7-hotspot\bin;C:\Program Files\OpenLogic\jdk-21.0.3.1-hotspot\bin;C:\Windows\system32;C:\Windows;C:\Windows\System32\Wbem;C:\Windows\System32\WindowsPowerShell\v1.0\;C:\Windows\System32\OpenSSH\;C:\ProgramData\chocolatey\bin;C:\platform-tools-latest-windows\platform-tools;C:\Users\nguye\AppData\Local\Microsoft\WindowsApps;C:\Users\nguye\AppData\Local\Programs\Microsoft VS Code\bin;C:\Users\nguye\AppData\Local\Android\sdk\platform-tools;C:\adb;C:\Program Files\Git\cmd;C:\Users\nguye\AppData\Local\Pub\Cache\bin;C:\Program Files (x86)\Microsoft SQL Server\160\DTS\Binn\;C:\Program Files (x86)\Microsoft SQL Server\160\Tools\Binn\;C:\Program Files\Microsoft SQL Server\160\Tools\Binn\;C:\Program Files\Microsoft SQL Server\Client SDK\ODBC\170\Tools\Binn\;C:\Program Files\Microsoft SQL Server\160\DTS\Binn\;C:\Users\nguye\AppData\Local\Programs\Python\Python312\Scripts;C:\WINDOWS\system32;C:\WINDOWS;C:\WINDOWS\System32\Wbem;C:\WINDOWS\System32\WindowsPowerShell\v1.0\;C:\WINDOWS\System32\OpenSSH\;C:\Users\nguye\AppData\Local\nvm;C:\Scripts;C:\Users\nguye\AppData\Roaming\Python\Python313\Scripts;C:\Program Files\MySQL\MySQL Server 9.2\bin;c:\Users\nguye\AppData\Local\Programs\cursor\resources\app\bin;C:\kotlin-compiler-2.1.21\kotlinc\bin\kotlinc;C:\Users\nguye\Downloads\kotlin-compiler-2.1.20-RC2\kotlinc\bin;C:\Program Files\nodejs\;C:\Program Files\nodejs\node_modules\npm\bin;C:\Program Files\Docker\Docker\resources\bin;C:\apache-maven-3.9.11-bin\apache-maven-3.9.11\bin;C:\Program Files\MySQL\MySQL Shell 8.0\bin\;C:\Users\nguye\AppData\Local\Programs\Python\Launcher\;C:\Users\nguye\AppData\Local\Microsoft\WindowsApps;C:\Users\nguye\AppData\Local\Programs\Microsoft VS Code\bin;C:\Users\nguye\AppData\Local\Android\sdk\platform-tools;C:\Users\nguye\AppData\Local\Dart_SDK\dartsdk-windows-x64-release\dart-sdk\bin;C:\Users\nguye\AppData\Local\Flutter_SDK\flutter_windows_3.22.2-stable\flutter\bin;C:\Users\nguye\AppData\Local\Pub\Cache\bin;C:\Users\nguye\AppData\Local\nvm;C:\nvm4w\nodejs;C:\Scripts;C:\Program Files\JetBrains\PyCharm 2024.3.5\bin;;C:\Users\nguye\AppData\Local\Packages\PythonSoftwareFoundation.Python.3.12_qbz5n2kfra8p0\LocalCache\local-packages\Python312\Scripts;C:\kotlin-compiler-2.1.21\kotlinc\bin\kotlinc;C:\Users\nguye\Downloads\kotlin-compiler-2.1.20-RC2\kotlinc\bin;C:\Program Files\nodejs\node_modules\npm\bin;C:\Users\nguye\AppData\Roaming\npm;C:\Program Files\nodejs\;C:\Program Files\nodejs\node_modules\npm\bin;C:\Users\nguye\AppData\Local\Programs\cursor\resources\app\bin;C:\apache-maven-3.9.11-bin\apache-maven-3.9.11\bin;;C:\Program Files\JetBrains\IntelliJ IDEA 2025.1.3\bin;
USERNAME=nguye
OS=Windows_NT
PROCESSOR_IDENTIFIER=AMD64 Family 23 Model 104 Stepping 1, AuthenticAMD
TMP=C:\Users\nguye\AppData\Local\Temp
TEMP=C:\Users\nguye\AppData\Local\Temp




Periodic native trim disabled

---------------  S Y S T E M  ---------------

OS:
 Windows 11 , 64 bit Build 26100 (10.0.26100.3037)
OS uptime: 41 days 10:58 hours
Hyper-V role detected

CPU: total 12 (initial active 12) (12 cores per cpu, 2 threads per core) family 23 model 104 stepping 1 microcode 0x8608104, cx8, cmov, fxsr, ht, mmx, 3dnowpref, sse, sse2, sse3, ssse3, sse4a, sse4.1, sse4.2, popcnt, lzcnt, tsc, tscinvbit, avx, avx2, aes, clmul, bmi1, bmi2, adx, sha, fma, vzeroupper, clflush, clflushopt, hv, rdtscp, rdpid, f16c
Processor Information for processor 0
  Max Mhz: 2100, Current Mhz: 2100, Mhz Limit: 2100
Processor Information for processor 1
  Max Mhz: 2100, Current Mhz: 1988, Mhz Limit: 2100
Processor Information for processor 2
  Max Mhz: 2100, Current Mhz: 1988, Mhz Limit: 2100
Processor Information for processor 3
  Max Mhz: 2100, Current Mhz: 1988, Mhz Limit: 2100
Processor Information for processor 4
  Max Mhz: 2100, Current Mhz: 2100, Mhz Limit: 2100
Processor Information for processor 5
  Max Mhz: 2100, Current Mhz: 1988, Mhz Limit: 2100
Processor Information for processor 6
  Max Mhz: 2100, Current Mhz: 2100, Mhz Limit: 2100
Processor Information for processor 7
  Max Mhz: 2100, Current Mhz: 2100, Mhz Limit: 2100
Processor Information for processor 8
  Max Mhz: 2100, Current Mhz: 2100, Mhz Limit: 2100
Processor Information for processor 9
  Max Mhz: 2100, Current Mhz: 2100, Mhz Limit: 2100
Processor Information for processor 10
  Max Mhz: 2100, Current Mhz: 1988, Mhz Limit: 2100
Processor Information for processor 11
  Max Mhz: 2100, Current Mhz: 1988, Mhz Limit: 2100

Memory: 4k page, system-wide physical 7561M (807M free)
TotalPageFile size 31113M (AvailPageFile size 46M)
current process WorkingSet (physical memory assigned to process): 151M, peak: 476M
current process commit charge ("private bytes"): 697M, peak: 721M

vm_info: OpenJDK 64-Bit Server VM (21.0.8+9-LTS) for windows-amd64 JRE (21.0.8+9-LTS), built on 2025-07-15T00:00:00Z by "admin" with MS VC++ 17.7 (VS2022)

END.
